[28-Nov-2025 10:26:03 Europe/Berlin] Database connection successful to room_system
[28-Nov-2025 10:26:03 Europe/Berlin] API called with action: get_rooms
[28-Nov-2025 10:26:03 Europe/Berlin] getRooms: Checking database connection
[28-Nov-2025 10:26:03 Europe/Berlin] getRooms: Executing query: SELECT * FROM rooms ORDER BY name
[28-Nov-2025 10:26:03 Europe/Berlin] getRooms: Query executed successfully
[28-Nov-2025 10:26:03 Europe/Berlin] getRooms: Found 5 rooms
[28-Nov-2025 10:26:03 Europe/Berlin] getRooms: Sample room data: {"id":5,"name":"Auditorium","capacity":100,"location":"Main Building, Ground Floor","facilities":"Stage, Sound System, Projector","created_at":"2025-11-17 19:38:17"}
[28-Nov-2025 10:26:03 Europe/Berlin] getRooms: All room data: [{"id":5,"name":"Auditorium","capacity":100,"location":"Main Building, Ground Floor","facilities":"Stage, Sound System, Projector","created_at":"2025-11-17 19:38:17"},{"id":3,"name":"Conference Room A","capacity":15,"location":"Administration Building","facilities":"Projector, Video Conferencing, Air Conditioner","created_at":"2025-11-17 19:38:17"},{"id":4,"name":"Lab 1","capacity":20,"location":"Science Building","facilities":"Computers, Projector, Whiteboard","created_at":"2025-11-17 19:38:17"},{"id":1,"name":"Room 101","capacity":30,"location":"Main Building, First Floor","facilities":"Projector, Whiteboard, Air Conditioner","created_at":"2025-11-17 19:38:17"},{"id":2,"name":"Room 102","capacity":25,"location":"Main Building, First Floor","facilities":"Whiteboard, Air Conditioner","created_at":"2025-11-17 19:38:17"}]
[28-Nov-2025 10:32:25 Europe/Berlin] Database connection successful to room_system
[28-Nov-2025 10:32:25 Europe/Berlin] API called with action: get_bookings
[28-Nov-2025 10:32:28 Europe/Berlin] Database connection successful to room_system
[28-Nov-2025 10:32:28 Europe/Berlin] API called with action: check_availability
[28-Nov-2025 10:32:28 Europe/Berlin] Database connection successful to room_system
[28-Nov-2025 10:32:28 Europe/Berlin] API called with action: make_booking
[28-Nov-2025 10:32:28 Europe/Berlin] Database connection successful to room_system
[28-Nov-2025 10:32:28 Europe/Berlin] API called with action: get_bookings
[28-Nov-2025 10:32:39 Europe/Berlin] Database connection successful to room_system
[28-Nov-2025 10:32:39 Europe/Berlin] API called with action: get_bookings
[28-Nov-2025 10:32:40 Europe/Berlin] Database connection successful to room_system
[28-Nov-2025 10:32:40 Europe/Berlin] API called with action: get_bookings
[28-Nov-2025 10:33:02 Europe/Berlin] Database connection successful to room_system
[28-Nov-2025 10:33:02 Europe/Berlin] API called with action: get_bookings
[28-Nov-2025 10:33:07 Europe/Berlin] Database connection successful to room_system
[28-Nov-2025 10:33:07 Europe/Berlin] API called with action: get_bookings
[28-Nov-2025 10:34:43 Europe/Berlin] Database connection successful to room_system
[28-Nov-2025 10:34:43 Europe/Berlin] API called with action: check_availability
[28-Nov-2025 10:34:43 Europe/Berlin] Database connection successful to room_system
[28-Nov-2025 10:34:43 Europe/Berlin] API called with action: make_booking
[28-Nov-2025 10:34:43 Europe/Berlin] Database connection successful to room_system
[28-Nov-2025 10:34:43 Europe/Berlin] API called with action: get_bookings
[28-Nov-2025 10:36:30 Europe/Berlin] Database connection successful to room_system
[28-Nov-2025 10:36:30 Europe/Berlin] API called with action: cancel_booking
[28-Nov-2025 10:36:30 Europe/Berlin] Database connection successful to room_system
[28-Nov-2025 10:36:30 Europe/Berlin] API called with action: get_bookings
